2026-05-31 17:34:20,946 - best_stocks - INFO - Iniciando execução.
2026-05-31 17:34:21,527 - best_stocks - INFO - Indicadores consultados com sucesso.
2026-05-31 17:34:21,820 - best_stocks - INFO - Filtragem aplicada na tabela de indicadores.
2026-05-31 17:34:25,761 - best_stocks - INFO - E-mail enviado com sucesso.
2026-05-31 17:34:25,996 - best_stocks - INFO - Execução finalizada.
2026-08-23 15:24:07,523 - best_stocks - INFO - Iniciando execução.
2026-08-23 15:24:08,167 - best_stocks - INFO - Indicadores consultados com sucesso.
2026-08-23 15:43:28,396 - best_stocks - INFO - Iniciando execução.
2026-08-23 15:43:28,917 - best_stocks - INFO - Indicadores consultados com sucesso.
2026-08-23 15:43:29,228 - best_stocks - INFO - Filtragem aplicada na tabela de indicadores.
2026-08-23 15:43:29,228 - best_stocks - INFO - Execução finalizada.
2026-08-23 15:51:23,132 - best_stocks - INFO - Iniciando execução.
2026-08-23 15:51:23,673 - best_stocks - INFO - Indicadores consultados com sucesso.
2026-08-23 15:51:23,985 - best_stocks - INFO - Filtragem aplicada na tabela de indicadores.
2026-08-23 15:51:23,986 - best_stocks - INFO - Execução finalizada.
2026-08-23 15:58:47,308 - best_stocks - INFO - Iniciando execução.
2026-08-23 15:58:48,244 - best_stocks - ERROR - Erro ao consultar os indicadores das empresas: 500 Server Error: Internal Server Error for url: https://statusinvest.com.br/category/AdvancedSearchResultExport?CategoryType=1
2026-08-23 15:58:48,246 - best_stocks - INFO - Indicadores consultados com sucesso.
2026-08-23 15:58:48,248 - best_stocks - ERROR - Falha ao transformar ao processar a tabela de indicadores: No columns to parse from file
2026-08-23 15:58:48,248 - best_stocks - INFO - Filtragem aplicada na tabela de indicadores.
2026-08-23 15:58:48,248 - best_stocks - INFO - Execução finalizada.
2026-08-23 16:01:25,069 - best_stocks - INFO - Iniciando execução.
2026-08-23 16:01:26,134 - best_stocks - ERROR - Erro ao consultar os indicadores das empresas: 500 Server Error: Internal Server Error for url: https://statusinvest.com.br/category/AdvancedSearchResultExport?CategoryType=1
2026-08-23 16:01:26,138 - best_stocks - ERROR - Falha ao transformar ao processar a tabela de indicadores: No columns to parse from file
2026-08-23 16:01:26,138 - best_stocks - INFO - Execução finalizada.
2026-08-23 16:05:56,039 - best_stocks - INFO - Iniciando execução.
2026-08-23 16:05:56,630 - best_stocks - INFO - Indicadores consultados com sucesso.
2026-08-23 16:05:56,996 - best_stocks - INFO - Filtragem aplicada na tabela de indicadores.
2026-08-23 16:05:56,996 - best_stocks - INFO - Execução finalizada.
2026-08-23 16:09:18,691 - best_stocks - INFO - Iniciando execução.
2026-08-23 16:09:47,730 - best_stocks - INFO - Iniciando execução.
2026-08-23 16:09:48,407 - best_stocks - INFO - Indicadores consultados com sucesso.
2026-08-23 16:09:48,842 - best_stocks - INFO - Filtragem aplicada na tabela de indicadores.
2026-08-23 16:09:48,843 - best_stocks - INFO - Execução finalizada.
2026-08-23 16:11:06,012 - best_stocks - INFO - Iniciando execução.
2026-08-23 16:11:06,896 - best_stocks - INFO - Indicadores consultados com sucesso.
2026-08-23 16:11:07,251 - best_stocks - INFO - Filtragem aplicada na tabela de indicadores.
2026-08-23 16:11:07,252 - best_stocks - INFO - Execução finalizada.
2026-08-23 16:37:41,275 - best_stocks - INFO - Iniciando execução.
2026-08-23 16:37:41,978 - best_stocks - INFO - Indicadores consultados com sucesso.
2026-08-23 16:37:41,983 - best_stocks - INFO - Execução finalizada.
2026-08-23 16:38:19,777 - best_stocks - INFO - Iniciando execução.
2026-08-23 16:38:20,487 - best_stocks - INFO - Indicadores consultados com sucesso.
2026-08-23 16:38:20,492 - best_stocks - INFO - Execução finalizada.
2026-08-23 16:38:38,041 - best_stocks - INFO - Iniciando execução.
2026-08-23 16:38:38,774 - best_stocks - INFO - Indicadores consultados com sucesso.
2026-08-23 16:38:38,778 - best_stocks - INFO - Execução finalizada.
2026-08-23 16:39:07,245 - best_stocks - INFO - Iniciando execução.
2026-08-23 16:39:08,180 - best_stocks - INFO - Indicadores consultados com sucesso.
2026-08-23 16:39:08,184 - best_stocks - INFO - Execução finalizada.
2026-08-23 16:39:37,096 - best_stocks - INFO - Iniciando execução.
2026-08-23 16:39:37,892 - best_stocks - INFO - Indicadores consultados com sucesso.
2026-08-23 16:40:47,470 - best_stocks - INFO - Iniciando execução.
2026-08-23 16:41:03,648 - best_stocks - INFO - Indicadores consultados com sucesso.
2026-08-23 16:42:58,216 - best_stocks - INFO - Iniciando execução.
2026-08-23 16:42:58,901 - best_stocks - INFO - Indicadores consultados com sucesso.
2026-08-23 16:45:33,319 - best_stocks - INFO - Iniciando execução.
2026-08-23 16:45:34,094 - best_stocks - INFO - Indicadores consultados com sucesso.
2026-08-23 16:47:07,553 - best_stocks - INFO - Iniciando execução.
2026-08-23 16:47:08,236 - best_stocks - INFO - Indicadores consultados com sucesso.
2026-08-23 16:47:49,432 - best_stocks - INFO - Iniciando execução.
2026-08-23 16:47:50,633 - best_stocks - INFO - Indicadores consultados com sucesso.
2026-08-23 16:49:54,532 - best_stocks - INFO - Iniciando execução.
2026-08-23 16:49:55,168 - best_stocks - INFO - Indicadores consultados com sucesso.
2026-08-23 16:50:09,302 - best_stocks - INFO - Iniciando execução.
2026-08-23 16:50:09,935 - best_stocks - INFO - Indicadores consultados com sucesso.
2026-08-23 17:15:09,665 - best_stocks - INFO - Iniciando execução.
2026-08-23 17:15:10,337 - best_stocks - INFO - Indicadores consultados com sucesso.
2026-08-23 17:15:42,287 - best_stocks - INFO - Iniciando execução.
2026-08-23 17:15:42,977 - best_stocks - INFO - Indicadores consultados com sucesso.
2026-08-23 17:16:18,670 - best_stocks - INFO - Iniciando execução.
2026-08-23 17:16:19,314 - best_stocks - INFO - Indicadores consultados com sucesso.
2026-08-23 17:18:31,544 - best_stocks - INFO - Iniciando execução.
2026-08-23 17:18:32,797 - best_stocks - INFO - Indicadores consultados com sucesso.
2026-08-23 17:19:03,700 - best_stocks - INFO - Iniciando execução.
2026-08-23 17:19:04,358 - best_stocks - INFO - Indicadores consultados com sucesso.
2026-08-23 17:19:22,127 - best_stocks - INFO - Iniciando execução.
2026-08-23 17:19:23,158 - best_stocks - INFO - Indicadores consultados com sucesso.
2026-08-23 17:19:23,188 - best_stocks - INFO - Execução finalizada.
2026-08-23 18:33:05,984 - best_stocks - INFO - Iniciando execução.
2026-08-23 18:33:06,633 - best_stocks - INFO - Indicadores consultados com sucesso.
2026-08-23 18:35:35,967 - best_stocks - INFO - Iniciando execução.
2026-08-23 18:35:36,723 - best_stocks - INFO - Indicadores consultados com sucesso.
2026-08-23 18:36:41,099 - best_stocks - INFO - Iniciando execução.
2026-08-23 18:36:41,739 - best_stocks - INFO - Indicadores consultados com sucesso.
2026-08-23 18:37:06,131 - best_stocks - INFO - Iniciando execução.
2026-08-23 18:37:06,758 - best_stocks - INFO - Indicadores consultados com sucesso.
2026-08-23 18:37:25,509 - best_stocks - INFO - Iniciando execução.
2026-08-23 18:37:26,208 - best_stocks - INFO - Indicadores consultados com sucesso.
2026-08-23 18:37:52,805 - best_stocks - INFO - Iniciando execução.
2026-08-23 18:37:53,574 - best_stocks - INFO - Indicadores consultados com sucesso.
2026-08-23 18:38:33,367 - best_stocks - INFO - Iniciando execução.
2026-08-23 18:38:34,051 - best_stocks - INFO - Indicadores consultados com sucesso.
2026-08-23 18:38:53,102 - best_stocks - INFO - Iniciando execução.
2026-08-23 18:38:53,739 - best_stocks - INFO - Indicadores consultados com sucesso.
2026-08-23 18:38:53,894 - best_stocks - INFO - Execução finalizada.
2026-08-23 18:48:15,684 - best_stocks - INFO - Iniciando execução.
2026-08-23 18:48:16,388 - best_stocks - INFO - Indicadores consultados com sucesso.
2026-08-23 18:50:25,894 - best_stocks - INFO - Iniciando execução.
2026-08-23 18:50:26,712 - best_stocks - INFO - Indicadores consultados com sucesso.
2026-08-23 18:52:14,545 - best_stocks - INFO - Iniciando execução.
2026-08-23 18:52:15,178 - best_stocks - INFO - Indicadores consultados com sucesso.
2026-08-23 18:52:23,593 - best_stocks - INFO - Iniciando execução.
2026-08-23 18:52:24,245 - best_stocks - INFO - Indicadores consultados com sucesso.
2026-08-23 18:53:24,698 - best_stocks - INFO - Iniciando execução.
2026-08-23 18:53:25,371 - best_stocks - INFO - Indicadores consultados com sucesso.
2026-08-23 18:53:25,405 - best_stocks - INFO - Execução finalizada.
2026-08-23 18:53:31,615 - best_stocks - INFO - Iniciando execução.
2026-08-23 18:53:32,250 - best_stocks - INFO - Indicadores consultados com sucesso.
2026-08-23 18:53:32,278 - best_stocks - INFO - Execução finalizada.
2026-08-23 18:57:29,701 - best_stocks - INFO - Iniciando execução.
2026-08-23 18:57:30,458 - best_stocks - INFO - Indicadores consultados com sucesso.
2026-08-23 18:57:30,482 - best_stocks - INFO - Execução finalizada.
2026-08-23 18:59:48,175 - best_stocks - INFO - Iniciando execução.
2026-08-23 18:59:48,913 - best_stocks - INFO - Indicadores consultados com sucesso.
2026-08-23 19:00:49,119 - best_stocks - INFO - Iniciando execução.
2026-08-23 19:00:49,820 - best_stocks - INFO - Indicadores consultados com sucesso.
2026-08-23 19:00:49,870 - best_stocks - INFO - Execução finalizada.
2026-08-23 19:01:22,538 - best_stocks - INFO - Iniciando execução.
2026-08-23 19:01:23,164 - best_stocks - INFO - Indicadores consultados com sucesso.
2026-08-23 19:01:23,238 - best_stocks - INFO - Execução finalizada.
2026-08-23 19:02:57,884 - best_stocks - INFO - Iniciando execução.
2026-08-23 19:02:58,543 - best_stocks - INFO - Indicadores consultados com sucesso.
2026-08-23 19:02:58,582 - best_stocks - INFO - Execução finalizada.
2026-08-23 19:03:24,893 - best_stocks - INFO - Iniciando execução.
2026-08-23 19:03:25,572 - best_stocks - INFO - Indicadores consultados com sucesso.
2026-08-23 19:05:32,312 - best_stocks - INFO - Iniciando execução.
2026-08-23 19:05:33,046 - best_stocks - INFO - Indicadores consultados com sucesso.
2026-08-23 19:05:33,091 - best_stocks - INFO - Execução finalizada.
2026-08-23 19:07:28,919 - best_stocks - INFO - Iniciando execução.
2026-08-23 19:07:29,575 - best_stocks - INFO - Indicadores consultados com sucesso.
2026-08-23 19:07:29,614 - best_stocks - INFO - Execução finalizada.
2026-08-23 19:08:49,426 - best_stocks - INFO - Iniciando execução.
2026-08-23 19:08:50,151 - best_stocks - INFO - Indicadores consultados com sucesso.
2026-08-23 19:08:50,239 - best_stocks - INFO - Execução finalizada.
2026-08-23 19:12:11,347 - best_stocks - INFO - Iniciando execução.
2026-08-23 19:12:12,011 - best_stocks - INFO - Indicadores consultados com sucesso.
2026-08-23 19:12:12,081 - best_stocks - INFO - Execução finalizada.
2026-08-23 19:13:30,889 - best_stocks - INFO - Iniciando execução.
2026-08-23 19:13:31,620 - best_stocks - INFO - Indicadores consultados com sucesso.
2026-08-23 19:17:11,970 - best_stocks - INFO - Iniciando execução.
2026-08-23 19:17:12,634 - best_stocks - INFO - Indicadores consultados com sucesso.
2026-08-23 19:17:12,697 - best_stocks - INFO - Execução finalizada.
2026-08-23 19:20:01,145 - best_stocks - INFO - Iniciando execução.
2026-08-23 19:20:01,795 - best_stocks - INFO - Indicadores consultados com sucesso.
2026-08-23 19:20:01,823 - best_stocks - ERROR - Falha ao transformar ao processar a tabela de indicadores: 'NoneType' object has no attribute 'drop'
2026-08-23 19:20:01,823 - best_stocks - INFO - Execução finalizada.
2026-08-23 19:20:38,017 - best_stocks - INFO - Iniciando execução.
2026-08-23 19:20:38,682 - best_stocks - INFO - Indicadores consultados com sucesso.
2026-08-23 19:20:38,711 - best_stocks - ERROR - Falha ao transformar ao processar a tabela de indicadores: 'NoneType' object has no attribute 'drop'
2026-08-23 19:20:38,711 - best_stocks - INFO - Execução finalizada.
2026-08-23 19:21:02,259 - best_stocks - INFO - Iniciando execução.
2026-08-23 19:21:02,938 - best_stocks - INFO - Indicadores consultados com sucesso.
2026-08-23 19:21:02,972 - best_stocks - ERROR - Falha ao transformar ao processar a tabela de indicadores: "[' VPA', ' LPA', ' PEG Ratio'] not found in axis"
2026-08-23 19:21:02,972 - best_stocks - INFO - Execução finalizada.
2026-08-23 19:21:19,476 - best_stocks - INFO - Iniciando execução.
2026-08-23 19:21:20,166 - best_stocks - INFO - Indicadores consultados com sucesso.
2026-08-23 19:21:20,674 - best_stocks - INFO - Filtragem aplicada na tabela de indicadores.
2026-08-23 19:21:20,675 - best_stocks - INFO - Execução finalizada.
2026-08-23 19:22:05,852 - best_stocks - INFO - Iniciando execução.
2026-08-23 19:22:06,480 - best_stocks - INFO - Indicadores consultados com sucesso.
2026-08-23 19:22:06,788 - best_stocks - INFO - Filtragem aplicada na tabela de indicadores.
2026-08-23 19:22:11,153 - best_stocks - INFO - E-mail enviado com sucesso.
2026-08-23 19:22:11,325 - best_stocks - INFO - Execução finalizada.
